
> inu-portal-web@0.0.0 build
> tsc && vite build

src/components/admin/AdminLayout.tsx(6,1): error TS6133: 'ROUTES' is declared but its value is never read.
src/components/admin/AdminModal.tsx(3,29): error TS6133: 'css' is declared but its value is never read.
src/layout/SubLayout.tsx(6,1): error TS6133: 'ROUTES' is declared but its value is never read.
src/pages/mobile/Admin/MobileAdminApiStatisticsPage.tsx(200,7): error TS6133: 'Title' is declared but its value is never read.
src/pages/mobile/Admin/MobileAdminApiStatisticsPage.tsx(207,7): error TS6133: 'Subtitle' is declared but its value is never read.
src/pages/mobile/Admin/MobileAdminApiStatisticsPage.tsx(287,7): error TS6133: 'DistributionCard' is declared but its value is never read.
src/pages/mobile/Admin/MobileAdminFeatureFlagsPage.tsx(107,7): error TS2741: Property 'clientVisible' is missing in type '{ enabled: boolean; }' but required in type 'UpdateFeatureFlagRequest'.
src/pages/mobile/Admin/MobileAdminFeatureFlagsPage.tsx(167,10): error TS2741: Property 'onSubmit' is missing in type '{ value: string; onChange: Dispatch<SetStateAction<string>>; placeholder: string; }' but required in type 'MobilePillSearchBarProps'.
src/pages/mobile/Admin/MobileAdminFeatureFlagsPage.tsx(236,23): error TS2322: Type 'string | null' is not assignable to type 'string | undefined'.
  Type 'null' is not assignable to type 'string | undefined'.
src/pages/mobile/Admin/MobileAdminNotificationPage.tsx(18,1): error TS6133: 'DESKTOP_MEDIA' is declared but its value is never read.
src/pages/mobile/Admin/MobileAdminNotificationPage.tsx(219,7): error TS6133: 'Title' is declared but its value is never read.
src/pages/mobile/Admin/MobileAdminNotificationPage.tsx(226,7): error TS6133: 'Subtitle' is declared but its value is never read.
src/pages/mobile/Admin/MobileAdminNotificationPage.tsx(431,7): error TS6133: 'NoData' is declared but its value is never read.
